[www.pragmatech.az/index.html]
[backblue.gif]
[fade.gif]
[index.html]
[www.pragmatech.az/static/assets/images/logo/logo-og.jpg]
[www.pragmatech.az/static/assets/images/favicon.png]
[www.pragmatech.az/static/assets/css/vendor/bootstrap.min.css]
[www.pragmatech.az/static/assets/fonts/averta/stylesheet.css]
[www.pragmatech.az/static/assets/css/vendor/fontawesome-all.min.css]
[www.pragmatech.az/static/assets/css/plugins/swiper.min.css]
[www.pragmatech.az/static/assets/css/plugins/animate-text.css]
[www.pragmatech.az/static/assets/css/plugins/animate.min.css]
[www.pragmatech.az/static/assets/css/plugins/lightgallery.min.css]
[www.pragmatech.az/static/assets/css/style.css]
[www.pragmatech.az/static/assets/scss/style.css]
[www.pragmatech.az/static/assets/scss/new-chan.css]
[www.pragmatech.az/static/assets/css/new-changes.css]
[www.pragmatech.az/static/assets/css/modal.css]
[www.pragmatech.az/static/assets/css/success-modal.css]
[www.pragmatech.az/static/assets/images/logo/logo.png]
[www.pragmatech.az/cdn-cgi/l/email-protection.html]
[www.pragmatech.az/about-us.html]
[www.pragmatech.az/pragmatech-ustunlukler.html]
[www.pragmatech.az/tedris-paketleri.html]
[www.pragmatech.az/frontend-development.html]
[www.pragmatech.az/backend-development.html]
[www.pragmatech.az/pragmatech-qebul-prosesi.html]
[www.pragmatech.az/contact.html]
[www.pragmatech.az/static/assets/images/svg/linea-basic-heart.svg]
[www.pragmatech.az/static/assets/images/svg/linea-basic-alarm.svg]
[www.pragmatech.az/static/assets/images/svg/linea-basic-spread-text-bookmark.svg]
[www.pragmatech.az/static/assets/images/svg/linea-basic-case.svg]
[www.pragmatech.az/static/assets/images/svg/linea-basic-geolocalize-05.svg]
[www.pragmatech.az/static/assets/images/svg/linea-ecommerce-money.svg]
[www.pragmatech.az/foundation.html]
[www.pragmatech.az/static/assets/images/svg/down.svg]
[www.pragmatech.az/html-css.html]
[www.pragmatech.az/javascript.html]
[www.pragmatech.az/cybersecurity.html]
[www.pragmatech.az/devsecops.html]
[www.pragmatech.az/python.html]
[www.pragmatech.az/php.html]
[www.pragmatech.az/csharp.html]
[www.pragmatech.az/static/assets/images/timeline/foundation.png]
[www.pragmatech.az/static/assets/images/timeline/html5-2.png]
[img.icons8.com/color/96/000000/javascript.png]
[www.pragmatech.az/static/assets/images/timeline/C.png]
[www.pragmatech.az/static/assets/images/timeline/php.png]
[www.pragmatech.az/static/assets/images/timeline/python.png]
[www.pragmatech.az/static/assets/images/timeline/icon-deployment.png]
[www.pragmatech.az/static/assets/images/timeline/cybersecurity.png]
[www.pragmatech.az/static/assets/images/bg/home-processing-video-intro-slider-slide-01-image-01-570x350.jpg]
[www.pragmatech.az/static/assets/images/icons/musahibe.svg]
[www.pragmatech.az/static/assets/images/icons/ingilis.svg]
[www.pragmatech.az/static/assets/images/icons/texniki.svg]
[www.pragmatech.az/cdn-cgi/scripts/5c5dd728/cloudflare-static/email-decode.min.js]
[www.pragmatech.az/static/assets/js/vendor/modernizr-2.8.3.min.js]
[www.pragmatech.az/static/assets/js/vendor/jquery-3.3.1.min.js]
[www.pragmatech.az/static/assets/js/vendor/bootstrap.min.js]
[www.pragmatech.az/static/assets/js/plugins/swiper.min.js]
[www.pragmatech.az/static/assets/js/plugins/lightgallery.min.js]
[www.pragmatech.az/static/assets/js/plugins/waypoints.min.js]
[www.pragmatech.az/static/assets/js/plugins/countdown.min.js]
[www.pragmatech.az/static/assets/js/plugins/isotope.min.js]
[www.pragmatech.az/static/assets/js/plugins/masonry.min.js]
[www.pragmatech.az/static/assets/js/plugins/images-loaded.min.js]
[www.pragmatech.az/static/assets/js/plugins/wavify.js]
[www.pragmatech.az/static/assets/js/plugins/jquery.wavify.js]
[www.pragmatech.az/static/assets/js/plugins/circle-progress.min.js]
[www.pragmatech.az/static/assets/js/plugins/counterup.min.js]
[www.pragmatech.az/static/assets/js/plugins/wow.min.js]
[www.pragmatech.az/static/assets/js/plugins/animation-text.min.js]
[www.pragmatech.az/static/assets/js/plugins/vivus.min.js]
[www.pragmatech.az/static/assets/js/plugins/some-plugins.js]
[www.pragmatech.az/static/assets/js/main.js]
[www.pragmatech.az/static/assets/js/apply.js]
[www.pragmatech.az/static/assets/js/success.js]
[www.pragmatech.az/index.html]
[www.googletagmanager.com/gtm5445.html]
[www.pragmatech.az/static/assets/css/vendor/bootstrap.min.css]
[ajax.cloudflare.com/cdn-cgi/scripts/7089c43e/cloudflare-static/rocket-loader.min.js]
[www.pragmatech.az/static/assets/fonts/averta/AvertaStd-Extrabold.woff2]
[www.pragmatech.az/static/assets/fonts/averta/AvertaStd-Extrabold.woff]
[www.pragmatech.az/static/assets/fonts/averta/AvertaStd-Light.woff2]
[www.pragmatech.az/static/assets/fonts/averta/AvertaStd-Light.woff]
[www.pragmatech.az/static/assets/fonts/averta/Averta-Black.woff2]
[www.pragmatech.az/static/assets/fonts/averta/Averta-Black.woff]
[www.pragmatech.az/static/assets/fonts/averta/AvertaStd-Thin.woff2]
[www.pragmatech.az/static/assets/fonts/averta/AvertaStd-Thin.woff]
[www.pragmatech.az/static/assets/fonts/averta/AvertaStd-Semibold.woff2]
[www.pragmatech.az/static/assets/fonts/averta/AvertaStd-Semibold.woff]
[www.pragmatech.az/static/assets/fonts/averta/AvertaStd-Extrathin.woff2]
[www.pragmatech.az/static/assets/fonts/averta/AvertaStd-Extrathin.woff]
[www.pragmatech.az/static/assets/fonts/averta/AvertaStd-Regular.woff2]
[www.pragmatech.az/static/assets/fonts/averta/AvertaStd-Regular.woff]
[www.pragmatech.az/static/assets/fonts/averta/AvertaStd-Bold.woff2]
[www.pragmatech.az/static/assets/fonts/averta/stylesheet.css]
[www.pragmatech.az/static/assets/fonts/averta/AvertaStd-Bold.woff]
[www.pragmatech.az/static/assets/fonts/fa-brands-400.eot]
[www.pragmatech.az/static/assets/fonts/fa-brands-400d41d.eot]
[www.pragmatech.az/static/assets/fonts/fa-brands-400.woff2]
[www.pragmatech.az/static/assets/fonts/fa-brands-400.woff]
[www.pragmatech.az/static/assets/fonts/fa-brands-400.ttf]
[www.pragmatech.az/static/assets/fonts/fa-brands-400.svg]
[www.pragmatech.az/static/assets/fonts/fa-light-300.eot]
[www.pragmatech.az/static/assets/fonts/fa-light-300.woff2]
[www.pragmatech.az/static/assets/fonts/fa-light-300d41d.eot]
[www.pragmatech.az/static/assets/fonts/fa-light-300.ttf]
[www.pragmatech.az/static/assets/fonts/fa-light-300.woff]
[www.pragmatech.az/static/assets/fonts/fa-light-300.svg]
[www.pragmatech.az/static/assets/fonts/fa-regular-400.eot]
[www.pragmatech.az/static/assets/fonts/fa-regular-400d41d.eot]
[www.pragmatech.az/static/assets/fonts/fa-regular-400.woff2]
[www.pragmatech.az/static/assets/fonts/fa-regular-400.ttf]
[www.pragmatech.az/static/assets/fonts/fa-regular-400.woff]
[www.pragmatech.az/static/assets/fonts/fa-regular-400.svg]
[www.pragmatech.az/static/assets/fonts/fa-solid-900.woff2]
[www.pragmatech.az/static/assets/fonts/fa-solid-900d41d.eot]
[www.pragmatech.az/static/assets/fonts/fa-solid-900.eot]
[www.pragmatech.az/static/assets/fonts/fa-solid-900.ttf]
[www.pragmatech.az/static/assets/fonts/fa-solid-900.woff]
[www.pragmatech.az/static/assets/css/vendor/fontawesome-all.min.css]
[www.pragmatech.az/static/assets/css/plugins/swiper.min.css]
[www.pragmatech.az/static/assets/css/plugins/animate-text.css]
[www.pragmatech.az/static/assets/css/plugins/animate.min.css]
[www.pragmatech.az/static/assets/fonts/lgd641.eot]
[www.pragmatech.az/static/assets/fonts/fa-solid-900.svg]
[www.pragmatech.az/static/assets/fonts/lgd41d.eot]
[www.pragmatech.az/static/assets/fonts/lgd641.woff]
[www.pragmatech.az/static/assets/fonts/lgd641.ttf]
[www.pragmatech.az/static/assets/fonts/lgd641.svg]
[www.pragmatech.az/static/assets/css/img/vimeo-play.png]
[www.pragmatech.az/static/assets/css/img/video-play.png]
[www.pragmatech.az/static/assets/css/img/youtube-play.png]
[www.pragmatech.az/static/assets/img/loading.gif]
[www.pragmatech.az/static/assets/css/plugins/lightgallery.min.css]
[www.pragmatech.az/static/assets/images/icons/selector-icon.png]
[www.pragmatech.az/static/assets/images/bg/title-bar-01-bg.jpg]
[www.pragmatech.az/static/assets/images/icons/light-close.png]
[www.pragmatech.az/static/assets/images/patterns/mitech-call-to-action-image-global.png]
[www.pragmatech.az/static/assets/images/patterns/mitech-home-appointment-call-to-action-bg-image.png]
[www.pragmatech.az/static/assets/images/bg/home-resolutions-hero-bg-image.jpg]
[www.pragmatech.az/static/assets/images/patterns/mitech-home-infotechno-case-study-section-bg.png]
[www.pragmatech.az/static/assets/images/bg/home-appointment-contact-bg-image.png]
[www.pragmatech.az/static/assets/images/bg/mitech-home-services-contact-bg.png]
[www.pragmatech.az/static/assets/images/bg/mitech-processing-contact-bg.png]
[www.pragmatech.az/static/assets/images/bg/home-infotechno-contact-bg.jpg]
[www.pragmatech.az/static/assets/images/icons/quote.png]
[www.pragmatech.az/static/assets/images/icons/metro-quote.png]
[www.pragmatech.az/static/assets/images/patterns/mitech-home-infotechno-section-company-bg.png]
[www.pragmatech.az/static/assets/images/bg/home-infotechno-video-intro-bg.jpg]
[www.pragmatech.az/static/assets/images/hero/slider-processing-slide-01-bg.jpg]
[www.pragmatech.az/static/assets/images/hero/home-appointment-hero-bg-image.jpg]
[www.pragmatech.az/static/assets/images/hero/home-services-hero-bg.jpg]
[www.pragmatech.az/static/assets/images/icons/hero-selector-icon.png]
[www.pragmatech.az/static/assets/images/hero/home-resolutions-hero-bg-image.jpg]
[www.pragmatech.az/static/assets/images/bg/contact-us-01-hero-bg.jpg]
[www.pragmatech.az/static/assets/images/bg/mitech-slider-cybersecurity-global-image.png]
[www.pragmatech.az/static/assets/images/hero/mitech-landing-main-slider-bg.jpg]
[www.pragmatech.az/static/assets/images/preview/mitech-landing-header-preview-bg.png]
[www.pragmatech.az/static/assets/images/preview/mitech-landing-footer-bg-01.jpg]
[www.pragmatech.az/static/assets/css/style.css]
[www.pragmatech.az/static/assets/scss/style.css]
[www.pragmatech.az/static/assets/scss/new-chan.css]
[www.pragmatech.az/static/assets/images/bg/about.jpg]
[www.pragmatech.az/static/assets/css/new-changes.css]
[www.pragmatech.az/static/assets/css/modal.css]
[www.pragmatech.az/static/assets/css/success-modal.css]
[www.pragmatech.az/cdn-cgi/l/email-protection.html]
[www.pragmatech.az/static/assets/images/bg/about-bg.jpg]
[www.pragmatech.az/about-us.html]
[www.pragmatech.az/pragmatech-ustunlukler.html]
[www.pragmatech.az/static/assets/images/bg/general.jpg]
[www.pragmatech.az/tedris-paketleri.html]
[www.pragmatech.az/frontend-development.html]
[www.pragmatech.az/backend-development.html]
[www.pragmatech.az/pragmatech-qebul-prosesi.html]
[www.pragmatech.az/contact.html]
[www.pragmatech.az/static/assets/images/svg/linea-basic-heart.svg]
[www.pragmatech.az/static/assets/images/svg/linea-basic-alarm.svg]
[www.pragmatech.az/static/assets/images/svg/linea-basic-spread-text-bookmark.svg]
[www.pragmatech.az/static/assets/images/svg/linea-basic-case.svg]
[www.pragmatech.az/static/assets/images/svg/linea-basic-geolocalize-05.svg]
[www.pragmatech.az/static/assets/images/svg/linea-ecommerce-money.svg]
[www.pragmatech.az/foundation.html]
[www.pragmatech.az/static/assets/images/svg/down.svg]
[www.pragmatech.az/static/assets/images/bg/javascript.jpg]
[www.pragmatech.az/html-css.html]
[www.pragmatech.az/javascript.html]
[www.pragmatech.az/static/assets/images/bg/cyber.jpg]
[www.pragmatech.az/cybersecurity.html]
[www.pragmatech.az/devsecops.html]
[www.pragmatech.az/static/assets/images/bg/python.jpg]
[www.pragmatech.az/python.html]
[www.pragmatech.az/php.html]
[www.pragmatech.az/static/assets/images/bg/csharp.jpg]
[www.pragmatech.az/csharp.html]
[www.pragmatech.az/static/assets/images/icons/musahibe.svg]
[www.pragmatech.az/static/assets/images/icons/ingilis.svg]
[www.pragmatech.az/static/assets/images/icons/texniki.svg]
[www.pragmatech.az/static/assets/fonts/fa-brands-400.svg]
[www.pragmatech.az/static/assets/fonts/fa-light-300.svg]
[www.pragmatech.az/static/assets/fonts/fa-regular-400.svg]
[www.pragmatech.az/static/assets/fonts/fa-solid-900.svg]
[www.pragmatech.az/static/assets/fonts/lgd641.svg]
[www.pragmatech.az/static/assets/css/img/vimeo-play.html]
[www.pragmatech.az/static/assets/css/img/video-play.html]
[www.pragmatech.az/static/assets/css/img/youtube-play.html]
[www.pragmatech.az/static/assets/img/loading.html]
[www.pragmatech.az/static/assets/images/bg/title-bar-01-bg.html]
[www.pragmatech.az/static/assets/images/patterns/mitech-call-to-action-image-global.html]
[www.pragmatech.az/static/assets/images/patterns/mitech-home-appointment-call-to-action-bg-image.html]
[www.pragmatech.az/static/assets/images/bg/home-resolutions-hero-bg-image.html]
[www.pragmatech.az/static/assets/images/patterns/mitech-home-infotechno-case-study-section-bg.html]
[www.pragmatech.az/static/assets/images/bg/home-appointment-contact-bg-image.html]
[www.pragmatech.az/static/assets/images/bg/mitech-home-services-contact-bg.html]
[www.pragmatech.az/static/assets/images/bg/mitech-processing-contact-bg.html]
[www.pragmatech.az/static/assets/images/bg/home-infotechno-contact-bg.html]
[www.pragmatech.az/static/assets/images/icons/metro-quote.html]
[www.pragmatech.az/static/assets/images/patterns/mitech-home-infotechno-section-company-bg.html]
[www.pragmatech.az/static/assets/images/bg/home-infotechno-video-intro-bg.html]
[www.pragmatech.az/static/assets/images/hero/slider-processing-slide-01-bg.html]
[www.pragmatech.az/static/assets/images/hero/home-services-hero-bg.html]
[www.pragmatech.az/static/assets/images/hero/home-resolutions-hero-bg-image.html]
[www.pragmatech.az/static/assets/images/bg/contact-us-01-hero-bg.html]
[www.pragmatech.az/static/assets/images/bg/mitech-slider-cybersecurity-global-image.html]
[www.pragmatech.az/static/assets/images/hero/mitech-landing-main-slider-bg.html]
[www.pragmatech.az/static/assets/images/preview/mitech-landing-header-preview-bg.html]
[www.pragmatech.az/static/assets/images/preview/mitech-landing-footer-bg-01.html]
